              K843
              95
              T743
              K52
AQJ                         T7
AKQ32                       J64
985                         KQ62
QT                          AJ83
              9652
              T87
              AJ
              9764

              AJ5
              A983
              AKJ865
              ---
Q                           K87642
KT642                       Q
4                           T932
AT8753                      J4
              T93
              J75
              Q7
              KQ962

              Q953
              9742
              J32
              K8
AKJ4                        T7
---                         KJ863
KQ875                       A9
A942                        Q653
              862
              AQT5
              T64
              JT7

              942
              973
              K8652
              95
765                         J83
QT                          42
AJ4                         QT73
QJ743                       A862
              AKQT
              AKJ865
              9
              KT

              T962
              A853
              A953
              A
QJ74                        K53
JT7                         K962
QJ62                        KT
86                          JT75
              A8
              Q4
              874
              KQ9432

              KQJ5
              A765
              83
              JT8
T64                         A9872
J32                         Q98
KJ52                        A
Q43                         AK72
              3
              KT4
              QT9764
              965

              KJ9532
              5
              T743
              86
T4                          876
KQJ9                        A63
AKJ8                        95
KQ2                         AJ754
              AQ
              T8742
              Q62
              T93

              64
              T96
              9532
              T986
QJT2                        A9873
KQJ872                      A5
AQ4                         K86
---                         752
              K5
              43
              JT7
              AKQJ43

              QJ54
              7
              KQ982
              Q96
AT97                        K
AQ4                         KJ865
A                           J765
AK543                       JT8
              8632
              T932
              T43
              72

              8643
              QT3
              K
              KJ543
AKT95                       Q
5                           AK7642
AQ96                        843
Q62                         T97
              J72
              J98
              JT752
              A8

              Q65
              A75
              K3
              AKJ75
A3                          J742
KT96                        QJ3
AJ975                       T8642
Q3                          8
              KT98
              842
              Q
              T9642

              AT652
              A652
              7
              A86
K4                          9873
KQJ43                       9
K8                          J9652
QJ94                        K72
              QJ
              T87
              AQT43
              T53

              Q52
              K864
              AJ65
              K3
A974                        KJT6
A92                         5
K832                        Q74
62                          QJ954
              83
              QJT73
              T9
              AT87

              52
              K765
              AK975
              84
JT4                         AQ83
AQJT942                     3
6                           42
Q3                          AJT965
              K976
              8
              QJT83
              K72

              A72
              QJ3
              875
              8432
64                          KJ985
T9762                       AK5
QT963                       J2
J                           AK6
              QT3
              84
              AK4
              QT975

              T754
              T862
              Q97
              Q9
Q92                         A
AKQ                         J975
A864                        KJ532
842                         AK6
              KJ863
              43
              T
              JT753

              J76
              54
              T3
              T86542
93                          QT852
T                           AK97
QJ976                       A52
QJ973                       A
              AK4
              QJ8632
              K84
              K

              9842
              A94
              98
              K743
AKQT65                      J7
8                           JT652
T763                        KQ
Q6                          AJ82
              3
              KQ73
              AJ542
              T95

              KJ862
              85
              QJT7
              A6
AQ3                         T95
AKT932                      QJ7
854                         K9
K                           Q8742
              74
              64
              A632
              JT953

              AKQJ2
              JT64
              AQ
              T6
T                           96543
Q9732                       K85
T8                          K7
K9542                       Q83
              87
              A
              J965432
              AJ7

              K843
              95
              T743
              K52
                            
                            
                            
                            
              9652
              T87
              AJ
              9764

              AJ5
              A983
              AKJ865
              ---
                            
                            
                            
                            
              T93
              J75
              Q7
              KQ962

              Q953
              9742
              J32
              K8
                            
                            
                            
                            
              862
              AQT5
              T64
              JT7

              942
              973
              K8652
              95
                            
                            
                            
                            
              AKQT
              AKJ865
              9
              KT

              T962
              A853
              A953
              A
                            
                            
                            
                            
              A8
              Q4
              874
              KQ9432

              KQJ5
              A765
              83
              JT8
                            
                            
                            
                            
              3
              KT4
              QT9764
              965

              KJ9532
              5
              T743
              86
                            
                            
                            
                            
              AQ
              T8742
              Q62
              T93

              64
              T96
              9532
              T986
                            
                            
                            
                            
              K5
              43
              JT7
              AKQJ43

              QJ54
              7
              KQ982
              Q96
                            
                            
                            
                            
              8632
              T932
              T43
              72

              8643
              QT3
              K
              KJ543
                            
                            
                            
                            
              J72
              J98
              JT752
              A8

              Q65
              A75
              K3
              AKJ75
                            
                            
                            
                            
              KT98
              842
              Q
              T9642

              AT652
              A652
              7
              A86
                            
                            
                            
                            
              QJ
              T87
              AQT43
              T53

              Q52
              K864
              AJ65
              K3
                            
                            
                            
                            
              83
              QJT73
              T9
              AT87

              52
              K765
              AK975
              84
                            
                            
                            
                            
              K976
              8
              QJT83
              K72

              A72
              QJ3
              875
              8432
                            
                            
                            
                            
              QT3
              84
              AK4
              QT975

              T754
              T862
              Q97
              Q9
                            
                            
                            
                            
              KJ863
              43
              T
              JT753

              J76
              54
              T3
              T86542
                            
                            
                            
                            
              AK4
              QJ8632
              K84
              K

              9842
              A94
              98
              K743
                            
                            
                            
                            
              3
              KQ73
              AJ542
              T95

              KJ862
              85
              QJT7
              A6
                            
                            
                            
                            
              74
              64
              A632
              JT953

              AKQJ2
              JT64
              AQ
              T6
                            
                            
                            
                            
              87
              A
              J965432
              AJ7

              
              
              
              
AQJ                         T7
AKQ32                       J64
985                         KQ62
QT                          AJ83
              
              
              
              

              
              
              
              
Q                           K87642
KT642                       Q
4                           T932
AT8753                      J4
              
              
              
              

              
              
              
              
AKJ4                        T7
---                         KJ863
KQ875                       A9
A942                        Q653
              
              
              
              

              
              
              
              
765                         J83
QT                          42
AJ4                         QT73
QJ743                       A862
              
              
              
              

              
              
              
              
QJ74                        K53
JT7                         K962
QJ62                        KT
86                          JT75
              
              
              
              

              
              
              
              
T64                         A9872
J32                         Q98
KJ52                        A
Q43                         AK72
              
              
              
              

              
              
              
              
T4                          876
KQJ9                        A63
AKJ8                        95
KQ2                         AJ754
              
              
              
              

              
              
              
              
QJT2                        A9873
KQJ872                      A5
AQ4                         K86
---                         752
              
              
              
              

              
              
              
              
AT97                        K
AQ4                         KJ865
A                           J765
AK543                       JT8
              
              
              
              

              
              
              
              
AKT95                       Q
5                           AK7642
AQ96                        843
Q62                         T97
              
              
              
              

              
              
              
              
A3                          J742
KT96                        QJ3
AJ975                       T8642
Q3                          8
              
              
              
              

              
              
              
              
K4                          9873
KQJ43                       9
K8                          J9652
QJ94                        K72
              
              
              
              

              
              
              
              
A974                        KJT6
A92                         5
K832                        Q74
62                          QJ954
              
              
              
              

              
              
              
              
JT4                         AQ83
AQJT942                     3
6                           42
Q3                          AJT965
              
              
              
              

              
              
              
              
64                          KJ985
T9762                       AK5
QT963                       J2
J                           AK6
              
              
              
              

              
              
              
              
Q92                         A
AKQ                         J975
A864                        KJ532
842                         AK6
              
              
              
              

              
              
              
              
93                          QT852
T                           AK97
QJ976                       A52
QJ973                       A
              
              
              
              

              
              
              
              
AKQT65                      J7
8                           JT652
T763                        KQ
Q6                          AJ82
              
              
              
              

              
              
              
              
AQ3                         T95
AKT932                      QJ7
854                         K9
K                           Q8742
              
              
              
              

              
              
              
              
T                           96543
Q9732                       K85
T8                          K7
K9542                       Q83
              
              
              
              

N:K843.95.T743.K52 T7.J64.KQ62.AJ83 9652.T87.AJ.9764 AQJ.AKQ32.985.QT
N:AJ5.A983.AKJ865. K87642.Q.T932.J4 T93.J75.Q7.KQ962 Q.KT642.4.AT8753
N:Q953.9742.J32.K8 T7.KJ863.A9.Q653 862.AQT5.T64.JT7 AKJ4..KQ875.A942
N:942.973.K8652.95 J83.42.QT73.A862 AKQT.AKJ865.9.KT 765.QT.AJ4.QJ743
N:T962.A853.A953.A K53.K962.KT.JT75 A8.Q4.874.KQ9432 QJ74.JT7.QJ62.86
N:KQJ5.A765.83.JT8 A9872.Q98.A.AK72 3.KT4.QT9764.965 T64.J32.KJ52.Q43
N:KJ9532.5.T743.86 876.A63.95.AJ754 AQ.T8742.Q62.T93 T4.KQJ9.AKJ8.KQ2
N:64.T96.9532.T986 A9873.A5.K86.752 K5.43.JT7.AKQJ43 QJT2.KQJ872.AQ4.
N:QJ54.7.KQ982.Q96 K.KJ865.J765.JT8 8632.T932.T43.72 AT97.AQ4.A.AK543
N:8643.QT3.K.KJ543 Q.AK7642.843.T97 J72.J98.JT752.A8 AKT95.5.AQ96.Q62
N:Q65.A75.K3.AKJ75 J742.QJ3.T8642.8 KT98.842.Q.T9642 A3.KT96.AJ975.Q3
N:AT652.A652.7.A86 9873.9.J9652.K72 QJ.T87.AQT43.T53 K4.KQJ43.K8.QJ94
N:Q52.K864.AJ65.K3 KJT6.5.Q74.QJ954 83.QJT73.T9.AT87 A974.A92.K832.62
N:52.K765.AK975.84 AQ83.3.42.AJT965 K976.8.QJT83.K72 JT4.AQJT942.6.Q3
N:A72.QJ3.875.8432 KJ985.AK5.J2.AK6 QT3.84.AK4.QT975 64.T9762.QT963.J
N:T754.T862.Q97.Q9 A.J975.KJ532.AK6 KJ863.43.T.JT753 Q92.AKQ.A864.842
N:J76.54.T3.T86542 QT852.AK97.A52.A AK4.QJ8632.K84.K 93.T.QJ976.QJ973
N:9842.A94.98.K743 J7.JT652.KQ.AJ82 3.KQ73.AJ542.T95 AKQT65.8.T763.Q6
N:KJ862.85.QJT7.A6 T95.QJ7.K9.Q8742 74.64.A632.JT953 AQ3.AKT932.854.K
N:AKQJ2.JT64.AQ.T6 96543.K85.K7.Q83 87.A.J965432.AJ7 T.Q9732.T8.K9542
north         east          south         west         

S K843        S T7          S 9652        S AQJ         6            
H 95          H J64         H T87         H AKQ32                    
D T743        D KQ62        D AJ          D 985                      
C K52         C AJ83        C 9764        C QT                       

S AJ5         S K87642      S T93         S Q           17           
H A983        H Q           H J75         H KT642                    
D AKJ865      D T932        D Q7          D 4                        
C             C J4          C KQ962       C AT8753                   

S Q953        S T7          S 862         S AKJ4        6            
H 9742        H KJ863       H AQT5        H                          
D J32         D A9          D T64         D KQ875                    
C K8          C Q653        C JT7         C A942                     

S 942         S J83         S AKQT        S 765         3            
H 973         H 42          H AKJ865      H QT                       
D K8652       D QT73        D 9           D AJ4                      
C 95          C A862        C KT          C QJ743                    

S T962        S K53         S A8          S QJ74        12           
H A853        H K962        H Q4          H JT7                      
D A953        D KT          D 874         D QJ62                     
C A           C JT75        C KQ9432      C 86                       

S KQJ5        S A9872       S 3           S T64         11           
H A765        H Q98         H KT4         H J32                      
D 83          D A           D QT9764      D KJ52                     
C JT8         C AK72        C 965         C Q43                      

S KJ9532      S 876         S AQ          S T4          4            
H 5           H A63         H T8742       H KQJ9                     
D T743        D 95          D Q62         D AKJ8                     
C 86          C AJ754       C T93         C KQ2                      

S 64          S A9873       S K5          S QJT2        0            
H T96         H A5          H 43          H KQJ872                   
D 9532        D K86         D JT7         D AQ4                      
C T986        C 752         C AKQJ43      C                          

S QJ54        S K           S 8632        S AT97        10           
H 7           H KJ865       H T932        H AQ4                      
D KQ982       D J765        D T43         D A                        
C Q96         C JT8         C 72          C AK543                    

S 8643        S Q           S J72         S AKT95       9            
H QT3         H AK7642      H J98         H 5                        
D K           D 843         D JT752       D AQ96                     
C KJ543       C T97         C A8          C Q62                      

S Q65         S J742        S KT98        S A3          17           
H A75         H QJ3         H 842         H KT96                     
D K3          D T8642       D Q           D AJ975                    
C AKJ75       C 8           C T9642       C Q3                       

S AT652       S 9873        S QJ          S K4          12           
H A652        H 9           H T87         H KQJ43                    
D 7           D J9652       D AQT43       D K8                       
C A86         C K72         C T53         C QJ94                     

S Q52         S KJT6        S 83          S A974        13           
H K864        H 5           H QJT73       H A92                      
D AJ65        D Q74         D T9          D K832                     
C K3          C QJ954       C AT87        C 62                       

S 52          S AQ83        S K976        S JT4         10           
H K765        H 3           H 8           H AQJT942                  
D AK975       D 42          D QJT83       D 6                        
C 84          C AJT965      C K72         C Q3                       

S A72         S KJ985       S QT3         S 64          7            
H QJ3         H AK5         H 84          H T9762                    
D 875         D J2          D AK4         D QT963                    
C 8432        C AK6         C QT975       C J                        

S T754        S A           S KJ863       S Q92         4            
H T862        H J975        H 43          H AKQ                      
D Q97         D KJ532       D T           D A864                     
C Q9          C AK6         C JT753       C 842                      

S J76         S QT852       S AK4         S 93          1            
H 54          H AK97        H QJ8632      H T                        
D T3          D A52         D K84         D QJ976                    
C T86542      C A           C K           C QJ973                    

S 9842        S J7          S 3           S AKQT65      7            
H A94         H JT652       H KQ73        H 8                        
D 98          D KQ          D AJ542       D T763                     
C K743        C AJ82        C T95         C Q6                       

S KJ862       S T95         S 74          S AQ3         11           
H 85          H QJ7         H 64          H AKT932                   
D QJT7        D K9          D A632        D 854                      
C A6          C Q8742       C JT953       C K                        

S AKQJ2       S 96543       S 87          S T           17           
H JT64        H K85         H A           H Q9732                    
D AQ          D K7          D J965432     D T8                       
C T6          C Q83         C AJ7         C K9542                    

K843.95.T743.K52 T7.J64.KQ62.AJ83 9652.T87.AJ.9764 AQJ.AKQ32.985.QT 3
AJ5.A983.AKJ865. K87642.Q.T932.J4 T93.J75.Q7.KQ962 Q.KT642.4.AT8753 1
Q953.9742.J32.K8 T7.KJ863.A9.Q653 862.AQT5.T64.JT7 AKJ4..KQ875.A942 4
942.973.K8652.95 J83.42.QT73.A862 AKQT.AKJ865.9.KT 765.QT.AJ4.QJ743 3
T962.A853.A953.A K53.K962.KT.JT75 A8.Q4.874.KQ9432 QJ74.JT7.QJ62.86 4
KQJ5.A765.83.JT8 A9872.Q98.A.AK72 3.KT4.QT9764.965 T64.J32.KJ52.Q43 3
KJ9532.5.T743.86 876.A63.95.AJ754 AQ.T8742.Q62.T93 T4.KQJ9.AKJ8.KQ2 2
64.T96.9532.T986 A9873.A5.K86.752 K5.43.JT7.AKQJ43 QJT2.KQJ872.AQ4. 4
QJ54.7.KQ982.Q96 K.KJ865.J765.JT8 8632.T932.T43.72 AT97.AQ4.A.AK543 4
8643.QT3.K.KJ543 Q.AK7642.843.T97 J72.J98.JT752.A8 AKT95.5.AQ96.Q62 5
Q65.A75.K3.AKJ75 J742.QJ3.T8642.8 KT98.842.Q.T9642 A3.KT96.AJ975.Q3 2
AT652.A652.7.A86 9873.9.J9652.K72 QJ.T87.AQT43.T53 K4.KQJ43.K8.QJ94 2
Q52.K864.AJ65.K3 KJT6.5.Q74.QJ954 83.QJT73.T9.AT87 A974.A92.K832.62 4
52.K765.AK975.84 AQ83.3.42.AJT965 K976.8.QJT83.K72 JT4.AQJT942.6.Q3 3
A72.QJ3.875.8432 KJ985.AK5.J2.AK6 QT3.84.AK4.QT975 64.T9762.QT963.J 2
T754.T862.Q97.Q9 A.J975.KJ532.AK6 KJ863.43.T.JT753 Q92.AKQ.A864.842 3
J76.54.T3.T86542 QT852.AK97.A52.A AK4.QJ8632.K84.K 93.T.QJ976.QJ973 2
9842.A94.98.K743 J7.JT652.KQ.AJ82 3.KQ73.AJ542.T95 AKQT65.8.T763.Q6 6
KJ862.85.QJT7.A6 T95.QJ7.K9.Q8742 74.64.A632.JT953 AQ3.AKT932.854.K 3
AKQJ2.JT64.AQ.T6 96543.K85.K7.Q83 87.A.J965432.AJ7 T.Q9732.T8.K9542 1
Number of hearts: 2

Number of hearts: 4

Number of hearts: 4

Number of hearts: 3

Number of hearts: 4

Number of hearts: 4

Number of hearts: 1

Number of hearts: 3

Number of hearts: 1

Number of hearts: 3

Number of hearts: 3

Number of hearts: 4

Number of hearts: 4

Number of hearts: 4

Number of hearts: 3

Number of hearts: 4

Number of hearts: 2

Number of hearts: 3

Number of hearts: 2

Number of hearts: 4

