
\documentclass{article}
\begin{document}

points 8.85
\subsection*{hcp(north)}
\begin{center}
\begin{tabular}{| c | c | c | c | c | c | c | c | c | c | c | c | c | c | c | c | c | c | c | c | c | c | c | c|}
\hline
3 & 4 & 5 & 6 & 7 & 8 & 9 & 10 & 11 & 12 & 13 & 14 & 15 & 16 & 17 & 18 & 19 & 20 & 21 & 22 & 23 & 24 & 25 & 26 \\ \hline
1 & 2 & 0 & 2 & 2 & 0 & 1 & 2 & 2 & 2 & 1 & 0 & 0 & 0 & 3 & 0 & 0 & 0 & 0 & 0 & 0 & 0 & 0 & 0 \\ \hline
\end{tabular}
\end{center}
\subsection*{hcp(north) vs hcp(south) in the range 5-15}
\begin{center}
\begin{tabular}{| c | c | c | c | c | c | c | c | c | c | c | c |}
\hline
 & 5 & 6 & 7 & 8 & 9 & 10 & 11 & 12 & 13 & 14 & 15 \\ \hline
5 & 0 & 0 & 0 & 0 & 0 & 0 & 0 & 0 & 0 & 0 & 0 \\ \hline
6 & 10 & 0 & 6 & 4 & 4 & 4 & 4 & 0 & 0 & 2 & 0 \\ \hline
7 & 10 & 0 & 6 & 4 & 4 & 4 & 4 & 0 & 0 & 2 & 0 \\ \hline
8 & 0 & 0 & 0 & 0 & 0 & 0 & 0 & 0 & 0 & 0 & 0 \\ \hline
9 & 5 & 0 & 3 & 2 & 2 & 2 & 2 & 0 & 0 & 1 & 0 \\ \hline
10 & 10 & 0 & 6 & 4 & 4 & 4 & 4 & 0 & 0 & 2 & 0 \\ \hline
11 & 10 & 0 & 6 & 4 & 4 & 4 & 4 & 0 & 0 & 2 & 0 \\ \hline
12 & 10 & 0 & 6 & 4 & 4 & 4 & 4 & 0 & 0 & 2 & 0 \\ \hline
13 & 5 & 0 & 3 & 2 & 2 & 2 & 2 & 0 & 0 & 1 & 0 \\ \hline
14 & 0 & 0 & 0 & 0 & 0 & 0 & 0 & 0 & 0 & 0 & 0 \\ \hline
15 & 0 & 0 & 0 & 0 & 0 & 0 & 0 & 0 & 0 & 0 & 0 \\ \hline
\end{tabular}
\end{center}

\end{document}

