points 8.85
hcp(north)
==========
 3 1
 4 2
 5 0
 6 2
 7 2
 8 0
 9 1
10 2
11 2
12 2
13 1
14 0
15 0
16 0
17 3
18 0
19 0
20 0
21 0
22 0
23 0
24 0
25 0
26 0
hcp(north) vs hcp(south) in the range 5-15
==========================================
        5    6    7    8    9   10   11   12   13   14   15
   +-------------------------------------------------------
 5 |    0    0    0    0    0    0    0    0    0    0    0
 6 |   10    0    6    4    4    4    4    0    0    2    0
 7 |   10    0    6    4    4    4    4    0    0    2    0
 8 |    0    0    0    0    0    0    0    0    0    0    0
 9 |    5    0    3    2    2    2    2    0    0    1    0
10 |   10    0    6    4    4    4    4    0    0    2    0
11 |   10    0    6    4    4    4    4    0    0    2    0
12 |   10    0    6    4    4    4    4    0    0    2    0
13 |    5    0    3    2    2    2    2    0    0    1    0
14 |    0    0    0    0    0    0    0    0    0    0    0
15 |    0    0    0    0    0    0    0    0    0    0    0
